// Jest Snapshot v1, https://goo.gl/fbAQLP

exports[`test the navBar Component should render navBar correctly 1`] = `<navBar />`;
